=== Keep Alive デバッグログ ===
run    : https://github.com/oyajibuki/Keepalive/actions/runs/37693523429
trigger: schedule
started: 2026-10-07 22:02:26 UTC

--- Wake Hugging Face Spaces ---
[2026-10-07 22:02:26] HF_TOKEN 未設定。状態確認のみ行い、起床は keep-alive.js のブラウザ訪問に任せます。
[2026-10-07 22:02:26] HF Spaces 2 件
[2026-10-07 22:02:26] 確認: AutoCraft502/ai-subtitle
[2026-10-07 22:02:26]   ✅ 稼働中: AutoCraft502/ai-subtitle
[2026-10-07 22:02:26]   ✅ OK — stage=RUNNING
[2026-10-07 22:02:26] 確認: AutoCraft502/clearcut
[2026-10-07 22:02:26]   ✅ 稼働中: AutoCraft502/clearcut
[2026-10-07 22:02:26]   ✅ OK — stage=RUNNING

--- Ping Supabase ---
[2026-10-07 22:02:28] ✅ OK — FitSign (templates) — HTTP 200 / クエリ到達 (720 bytes)
[2026-10-07 22:02:29] ✅ OK — NekoBase (cats) — HTTP 200 / クエリ到達 (2 bytes)

--- Run keep-alive ---
[2026-10-07 22:04:20] 対象 13 件
[2026-10-07 22:04:21] 訪問: https://oshipay.streamlit.app/?page=ranking&did=dev_7d761837993847aea016
[2026-10-07 22:04:52]   ✅ OK — HTTP 200 / WebSocket 接続確認
[2026-10-07 22:04:52] 訪問: https://fit-sign.streamlit.app/
[2026-10-07 22:05:24]   ✅ OK — HTTP 200 / WebSocket 接続確認
[2026-10-07 22:05:24] 訪問: https://its-me-indol.vercel.app/
[2026-10-07 22:05:29]   ✅ OK — HTTP 200
[2026-10-07 22:05:29] 訪問: https://oyajibuki.github.io/resize-tool/
[2026-10-07 22:05:33]   ✅ OK — HTTP 200
[2026-10-07 22:05:33] 訪問: https://aozora-ruby-remover-n4dpzggyj553wsbnqpl7at.streamlit.app/
[2026-10-07 22:06:05]   ✅ OK — HTTP 200 / WebSocket 接続確認
[2026-10-07 22:06:05] 訪問: https://oyajibuki.github.io/csv-app/
[2026-10-07 22:06:09]   ✅ OK — HTTP 200
[2026-10-07 22:06:09] 訪問: https://itpassport.vercel.app/itp
[2026-10-07 22:06:13]   ✅ OK — HTTP 200
[2026-10-07 22:06:13] 訪問: https://oyajibuki.github.io/TuneDrop/
[2026-10-07 22:06:17]   ✅ OK — HTTP 200
[2026-10-07 22:06:17] 訪問: https://trush-quest.vercel.app/#
[2026-10-07 22:06:22]   ✅ OK — HTTP 200
[2026-10-07 22:06:22] 訪問: https://oyajibuki.github.io/WalkCraft/
[2026-10-07 22:06:26]   ✅ OK — HTTP 200
[2026-10-07 22:06:26] 訪問: https://fit-sign.streamlit.app/?code=94d7f18f-894a-435c-bd5d-2be295035426&fid=6231718a-0bda-4e61-8eeb-0677000f7dbf
[2026-10-07 22:06:58]   ✅ OK — HTTP 200 / WebSocket 接続確認
[2026-10-07 22:06:58] 訪問: https://autocraft502-ai-subtitle.hf.space/
[2026-10-07 22:07:28]   ✅ OK — HTTP 200
[2026-10-07 22:07:28] 訪問: https://autocraft502-clearcut.hf.space/
[2026-10-07 22:07:59]   ✅ OK — HTTP 200
[2026-10-07 22:07:59] 全件完了

--- Result ---
keep-alive: success
履歴を更新しました: 90 回分 / 対象 17 件 (OK=17)
finished: 2026-10-07 22:07:59 UTC
